// Vitest Snapshot v1, https://vitest.dev/guide/snapshot.html

exports[`<Search /> > should render a snapshot 1`] = `
<div>
  <form
    class="flex w-full items-center gap-2 rounded-full bg-[#f0f0f0] px-4 py-2"
  >
    <button
      type="submit"
    >
      <svg
        class="lucide lucide-search w-4 text-zinc-400"
        fill="none"
        height="24"
        stroke="currentColor"
        stroke-linecap="round"
        stroke-linejoin="round"
        stroke-width="2"
        viewBox="0 0 24 24"
        width="24"
        xmlns="http://www.w3.org/2000/svg"
      >
        <circle
          cx="11"
          cy="11"
          r="8"
        />
        <path
          d="m21 21-4.3-4.3"
        />
      </svg>
    </button>
    <input
      class="w-full bg-transparent text-sm outline-none"
      placeholder="Search..."
      type="text"
    />
  </form>
</div>
`;
