// Vitest Snapshot v1, https://vitest.dev/guide/snapshot.html

exports[`<HeaderInfo /> > should render a snapshot 1`] = `
<div>
  <div
    class="flex h-10 w-full items-center justify-center gap-2 bg-black/95 px-4 text-[11px] text-white sm:text-sm"
  >
    <h4>
      Sing up and get 20% off to your first order.
    </h4>
    <a
      class="border-b font-bold duration-150 hover:brightness-90"
      href="/register"
    >
      Sign Up Now
    </a>
  </div>
</div>
`;
