// Jest Snapshot v1, https://goo.gl/fbAQLP

exports[`<Menu /> should render a snapshot 1`] = `
<div>
  <div
    class="md:hidden"
  >
    <button
      data-testid="menu"
    >
      <svg
        class="lucide lucide-menu "
        fill="none"
        height="24"
        stroke="currentColor"
        stroke-linecap="round"
        stroke-linejoin="round"
        stroke-width="2"
        viewBox="0 0 24 24"
        width="24"
        xmlns="http://www.w3.org/2000/svg"
      >
        <line
          x1="4"
          x2="20"
          y1="12"
          y2="12"
        />
        <line
          x1="4"
          x2="20"
          y1="6"
          y2="6"
        />
        <line
          x1="4"
          x2="20"
          y1="18"
          y2="18"
        />
      </svg>
    </button>
    <div
      class="invisible opacity-0 absolute inset-0 z-10 m-auto flex h-[95%] w-[95%] flex-col items-center justify-center gap-4 bg-[#f0f0f0] capitalize transition-all duration-300"
      data-testid="menu-container"
    >
      <button
        class="absolute left-3 top-4 sm:left-[7px]"
        data-testid="close"
      >
        <svg
          class="lucide lucide-x text-red-600"
          fill="none"
          height="24"
          stroke="currentColor"
          stroke-linecap="round"
          stroke-linejoin="round"
          stroke-width="2"
          viewBox="0 0 24 24"
          width="24"
          xmlns="http://www.w3.org/2000/svg"
        >
          <path
            d="M18 6 6 18"
          />
          <path
            d="m6 6 12 12"
          />
        </svg>
      </button>
      <a
        class="cursor-pointer duration-150 hover:text-zinc-600"
        href="/shop"
      >
        shop
      </a>
      <a
        class="cursor-pointer duration-150 hover:text-zinc-600"
        href="/on-sale"
      >
        on sale
      </a>
      <a
        class="cursor-pointer duration-150 hover:text-zinc-600"
        href="/new-arrivals"
      >
        new arrivals
      </a>
      <a
        class="cursor-pointer duration-150 hover:text-zinc-600"
        href="/brands"
      >
        brands
      </a>
    </div>
  </div>
</div>
`;
